\BOOKMARK [0][]{Title.0}{\376\377\000T\000i\000t\000l\000e\000p\000a\000g\000e}{}% 1
\BOOKMARK [0][]{acknowledgments.0}{\376\377\000A\000c\000k\000n\000o\000w\000l\000e\000d\000g\000m\000e\000n\000t\000s}{}% 2
\BOOKMARK [0][]{Abstract.0}{\376\377\000A\000b\000s\000t\000r\000a\000c\000t}{}% 3
\BOOKMARK [0][]{Resumo.0}{\376\377\000R\000e\000s\000u\000m\000o}{}% 4
\BOOKMARK [0][]{toc.0}{\376\377\000C\000o\000n\000t\000e\000n\000t\000s}{}% 5
\BOOKMARK [1][]{lof.1}{\376\377\000L\000i\000s\000t\000\040\000o\000f\000\040\000F\000i\000g\000u\000r\000e\000s}{toc.0}% 6
\BOOKMARK [1][]{lot.1}{\376\377\000L\000i\000s\000t\000\040\000o\000f\000\040\000T\000a\000b\000l\000e\000s}{toc.0}% 7
\BOOKMARK [1][]{loa.1}{\376\377\000L\000i\000s\000t\000\040\000o\000f\000\040\000A\000l\000g\000o\000r\000i\000t\000h\000m\000s}{toc.0}% 8
\BOOKMARK [1][]{lol.1}{\376\377\000L\000i\000s\000t\000i\000n\000g\000s}{toc.0}% 9
\BOOKMARK [1][]{glo.1}{\376\377\000G\000l\000o\000s\000s\000a\000r\000y}{toc.0}% 10
\BOOKMARK [0][]{chapter.1}{\376\377\0001\000\040\000I\000n\000t\000r\000o\000d\000u\000c\000t\000i\000o\000n}{}% 11
\BOOKMARK [1][]{section.1.1}{\376\377\0001\000.\0001\000\040\000P\000r\000o\000b\000l\000e\000m\000/\000M\000o\000t\000i\000v\000a\000t\000i\000o\000n}{chapter.1}% 12
\BOOKMARK [1][]{section.1.2}{\376\377\0001\000.\0002\000\040\000G\000a\000p\000s\000\040\000i\000n\000\040\000p\000r\000i\000o\000r\000\040\000w\000o\000r\000k}{chapter.1}% 13
\BOOKMARK [1][]{section.1.3}{\376\377\0001\000.\0003\000\040\000P\000r\000o\000p\000o\000s\000e\000d\000\040\000S\000o\000l\000u\000t\000i\000o\000n}{chapter.1}% 14
\BOOKMARK [1][]{section.1.4}{\376\377\0001\000.\0004\000\040\000D\000o\000c\000u\000m\000e\000n\000t\000\040\000O\000r\000g\000a\000n\000i\000z\000a\000t\000i\000o\000n}{chapter.1}% 15
\BOOKMARK [0][]{chapter.2}{\376\377\0002\000\040\000R\000e\000l\000a\000t\000e\000d\000\040\000W\000o\000r\000k}{}% 16
\BOOKMARK [1][]{section.2.1}{\376\377\0002\000.\0001\000\040\000S\000e\000r\000v\000e\000r\000l\000e\000s\000s\000\040\000C\000o\000m\000p\000u\000t\000i\000n\000g}{chapter.2}% 17
\BOOKMARK [2][]{subsection.2.1.1}{\376\377\0002\000.\0001\000.\0001\000\040\000A\000d\000v\000a\000n\000t\000a\000g\000e\000s}{section.2.1}% 18
\BOOKMARK [2][]{subsection.2.1.2}{\376\377\0002\000.\0001\000.\0002\000\040\000L\000i\000m\000i\000t\000a\000t\000i\000o\000n\000s}{section.2.1}% 19
\BOOKMARK [2][]{subsection.2.1.3}{\376\377\0002\000.\0001\000.\0003\000\040\000R\000e\000s\000e\000a\000r\000c\000h\000\040\000E\000f\000f\000o\000r\000t\000s}{section.2.1}% 20
\BOOKMARK [1][]{section.2.2}{\376\377\0002\000.\0002\000\040\000W\000o\000r\000k\000f\000l\000o\000w\000s}{chapter.2}% 21
\BOOKMARK [2][]{subsection.2.2.1}{\376\377\0002\000.\0002\000.\0001\000\040\000W\000o\000r\000k\000f\000l\000o\000w\000\040\000D\000e\000f\000i\000n\000i\000t\000i\000o\000n\000\040\000L\000a\000n\000g\000u\000a\000g\000e\000s}{section.2.2}% 22
\BOOKMARK [2][]{subsection.2.2.2}{\376\377\0002\000.\0002\000.\0002\000\040\000T\000r\000a\000d\000i\000t\000i\000o\000n\000a\000l\000\040\000W\000o\000r\000k\000f\000l\000o\000w\000\040\000S\000c\000h\000e\000d\000u\000l\000i\000n\000g}{section.2.2}% 23
\BOOKMARK [2][]{subsection.2.2.3}{\376\377\0002\000.\0002\000.\0003\000\040\000M\000o\000d\000e\000r\000n\000\040\000W\000o\000r\000k\000f\000l\000o\000w\000\040\000S\000c\000h\000e\000d\000u\000l\000i\000n\000g}{section.2.2}% 24
\BOOKMARK [3][]{subsubsection.2.2.3.1}{\376\377\0002\000.\0002\000.\0003\000.\000A\000\040\000S\000t\000a\000t\000e\000f\000u\000l\000\040\000S\000e\000r\000v\000e\000r\000l\000e\000s\000s\000\040\000F\000u\000n\000c\000t\000i\000o\000n\000s}{subsection.2.2.3}% 25
\BOOKMARK [2][]{subsection.2.2.4}{\376\377\0002\000.\0002\000.\0004\000\040\000S\000e\000r\000v\000e\000r\000l\000e\000s\000s\000\040\000W\000o\000r\000k\000f\000l\000o\000w\000\040\000S\000c\000h\000e\000d\000u\000l\000i\000n\000g}{section.2.2}% 26
\BOOKMARK [3][]{subsubsection.2.2.4.1}{\376\377\0002\000.\0002\000.\0004\000.\000A\000\040\000W\000o\000r\000k\000f\000l\000o\000w\000\040\000S\000c\000h\000e\0